MPLINK 5.08, LINKER
Linker Map File - Created Sat Jun 17 23:07:22 2023

                                 Section Info
                  Section       Type    Address   Location Size(Bytes)
                ---------  ---------  ---------  ---------  ---------
                   .org_0       code   0x000000    program   0x000044
                   .cinit    romdata   0x000044    program   0x000002
.config_300000_BUILD/DEFAULT/PRODUCTION/PRESS_U    romdata   0x300000    program   0x000001
.config_300001_BUILD/DEFAULT/PRODUCTION/PRESS_U    romdata   0x300001    program   0x000001
.config_300002_BUILD/DEFAULT/PRODUCTION/PRESS_U    romdata   0x300002    program   0x000001
.config_300003_BUILD/DEFAULT/PRODUCTION/PRESS_U    romdata   0x300003    program   0x000001
.config_300005_BUILD/DEFAULT/PRODUCTION/PRESS_U    romdata   0x300005    program   0x000001
.config_300006_BUILD/DEFAULT/PRODUCTION/PRESS_U    romdata   0x300006    program   0x000001
.config_300008_BUILD/DEFAULT/PRODUCTION/PRESS_U    romdata   0x300008    program   0x000001
.config_300009_BUILD/DEFAULT/PRODUCTION/PRESS_U    romdata   0x300009    program   0x000001
.config_30000A_BUILD/DEFAULT/PRODUCTION/PRESS_U    romdata   0x30000a    program   0x000001
.config_30000B_BUILD/DEFAULT/PRODUCTION/PRESS_U    romdata   0x30000b    program   0x000001
.config_30000C_BUILD/DEFAULT/PRODUCTION/PRESS_U    romdata   0x30000c    program   0x000001



                              Program Memory Usage 
                               Start         End      
                           ---------   ---------      
                            0x000000    0x000045      
                            0x300000    0x300003      
                            0x300005    0x300006      
                            0x300008    0x30000c      
            81 out of 33048 program addresses used, program memory utilization is 0%



                              Symbols - Sorted by Name
                     Name    Address   Location    Storage File                     
                ---------  ---------  ---------  --------- ---------                
                        ?   0x000000    program     static C:\Users\Miguel\MPLABXProjects\press_up.X\press_up.asm
                   ACCION   0x00003e    program     static C:\Users\Miguel\MPLABXProjects\press_up.X\press_up.asm
                    AGAIN   0x00000a    program     static C:\Users\Miguel\MPLABXProjects\press_up.X\press_up.asm
               DELAY_10mS   0x000004    program     static C:\Users\Miguel\MPLABXProjects\press_up.X\press_up.asm
                     MAIN   0x000026    program     static C:\Users\Miguel\MPLABXProjects\press_up.X\press_up.asm
                 SETTINGS   0x000018    program     static C:\Users\Miguel\MPLABXProjects\press_up.X\press_up.asm
                     WAIT   0x000030    program     static C:\Users\Miguel\MPLABXProjects\press_up.X\press_up.asm



                              Symbols - Sorted by Address
                     Name    Address   Location    Storage File                     
                ---------  ---------  ---------  --------- ---------                
                        ?   0x000000    program     static C:\Users\Miguel\MPLABXProjects\press_up.X\press_up.asm
               DELAY_10mS   0x000004    program     static C:\Users\Miguel\MPLABXProjects\press_up.X\press_up.asm
                    AGAIN   0x00000a    program     static C:\Users\Miguel\MPLABXProjects\press_up.X\press_up.asm
                 SETTINGS   0x000018    program     static C:\Users\Miguel\MPLABXProjects\press_up.X\press_up.asm
                     MAIN   0x000026    program     static C:\Users\Miguel\MPLABXProjects\press_up.X\press_up.asm
                     WAIT   0x000030    program     static C:\Users\Miguel\MPLABXProjects\press_up.X\press_up.asm
                   ACCION   0x00003e    program     static C:\Users\Miguel\MPLABXProjects\press_up.X\press_up.asm


