MPLINK 5.08, LINKER
Linker Map File - Created Mon Jun 19 02:27:51 2023

                                 Section Info
                  Section       Type    Address   Location Size(Bytes)
                ---------  ---------  ---------  ---------  ---------
                   .org_0       code   0x000000    program   0x0001fe
                   .cinit    romdata   0x0001fe    program   0x000002
.config_300000_BUILD/DEFAULT/PRODUCTION/MULTIPL    romdata   0x300000    program   0x000001
.config_300001_BUILD/DEFAULT/PRODUCTION/MULTIPL    romdata   0x300001    program   0x000001
.config_300002_BUILD/DEFAULT/PRODUCTION/MULTIPL    romdata   0x300002    program   0x000001
.config_300003_BUILD/DEFAULT/PRODUCTION/MULTIPL    romdata   0x300003    program   0x000001
.config_300005_BUILD/DEFAULT/PRODUCTION/MULTIPL    romdata   0x300005    program   0x000001
.config_300006_BUILD/DEFAULT/PRODUCTION/MULTIPL    romdata   0x300006    program   0x000001
.config_300008_BUILD/DEFAULT/PRODUCTION/MULTIPL    romdata   0x300008    program   0x000001
.config_300009_BUILD/DEFAULT/PRODUCTION/MULTIPL    romdata   0x300009    program   0x000001
.config_30000A_BUILD/DEFAULT/PRODUCTION/MULTIPL    romdata   0x30000a    program   0x000001
.config_30000B_BUILD/DEFAULT/PRODUCTION/MULTIPL    romdata   0x30000b    program   0x000001
.config_30000C_BUILD/DEFAULT/PRODUCTION/MULTIPL    romdata   0x30000c    program   0x000001



                              Program Memory Usage 
                               Start         End      
                           ---------   ---------      
                            0x000000    0x0001ff      
                            0x300000    0x300003      
                            0x300005    0x300006      
                            0x300008    0x30000c      
            523 out of 33048 program addresses used, program memory utilization is 1%



                              Symbols - Sorted by Name
                     Name    Address   Location    Storage File                     
                ---------  ---------  ---------  --------- ---------                
                        ?   0x000000    program     static C:\Users\Miguel\MPLABXProjects\5_multiplexor.X\multiplexor.asm
                CATORCE_1   0x000050    program     static C:\Users\Miguel\MPLABXProjects\5_multiplexor.X\multiplexor.asm
                   CERO_1   0x00013e    program     static C:\Users\Miguel\MPLABXProjects\5_multiplexor.X\multiplexor.asm
                  CINCO_2   0x00019e    program     static C:\Users\Miguel\MPLABXProjects\5_multiplexor.X\multiplexor.asm
                 CUATRO_1   0x0000fa    program     static C:\Users\Miguel\MPLABXProjects\5_multiplexor.X\multiplexor.asm
              DELAY_100mS   0x000002    program     static C:\Users\Miguel\MPLABXProjects\5_multiplexor.X\multiplexor.asm
                DELAY_1mS   0x000006    program     static C:\Users\Miguel\MPLABXProjects\5_multiplexor.X\multiplexor.asm
                   DIEZ_1   0x000094    program     static C:\Users\Miguel\MPLABXProjects\5_multiplexor.X\multiplexor.asm
                   DOCE_1   0x000072    program     static C:\Users\Miguel\MPLABXProjects\5_multiplexor.X\multiplexor.asm
                    DOS_1   0x00011c    program     static C:\Users\Miguel\MPLABXProjects\5_multiplexor.X\multiplexor.asm
                  IMPARES   0x00003c    program     static C:\Users\Miguel\MPLABXProjects\5_multiplexor.X\multiplexor.asm
                     MAIN   0x000032    program     static C:\Users\Miguel\MPLABXProjects\5_multiplexor.X\multiplexor.asm
                  NUEVE_2   0x0001e2    program     static C:\Users\Miguel\MPLABXProjects\5_multiplexor.X\multiplexor.asm
                   OCHO_1   0x0000b6    program     static C:\Users\Miguel\MPLABXProjects\5_multiplexor.X\multiplexor.asm
                     OTRA   0x00000c    program     static C:\Users\Miguel\MPLABXProjects\5_multiplexor.X\multiplexor.asm
                    PARES   0x000046    program     static C:\Users\Miguel\MPLABXProjects\5_multiplexor.X\multiplexor.asm
                    PAUSA   0x00001a    program     static C:\Users\Miguel\MPLABXProjects\5_multiplexor.X\multiplexor.asm
                   SEIS_1   0x0000d8    program     static C:\Users\Miguel\MPLABXProjects\5_multiplexor.X\multiplexor.asm
                 SETTINGS   0x000022    program     static C:\Users\Miguel\MPLABXProjects\5_multiplexor.X\multiplexor.asm
                  SIETE_2   0x0001c0    program     static C:\Users\Miguel\MPLABXProjects\5_multiplexor.X\multiplexor.asm
                   TRES_2   0x00017c    program     static C:\Users\Miguel\MPLABXProjects\5_multiplexor.X\multiplexor.asm
                    UNO_2   0x00015a    program     static C:\Users\Miguel\MPLABXProjects\5_multiplexor.X\multiplexor.asm



                              Symbols - Sorted by Address
                     Name    Address   Location    Storage File                     
                ---------  ---------  ---------  --------- ---------                
                        ?   0x000000    program     static C:\Users\Miguel\MPLABXProjects\5_multiplexor.X\multiplexor.asm
              DELAY_100mS   0x000002    program     static C:\Users\Miguel\MPLABXProjects\5_multiplexor.X\multiplexor.asm
                DELAY_1mS   0x000006    program     static C:\Users\Miguel\MPLABXProjects\5_multiplexor.X\multiplexor.asm
                     OTRA   0x00000c    program     static C:\Users\Miguel\MPLABXProjects\5_multiplexor.X\multiplexor.asm
                    PAUSA   0x00001a    program     static C:\Users\Miguel\MPLABXProjects\5_multiplexor.X\multiplexor.asm
                 SETTINGS   0x000022    program     static C:\Users\Miguel\MPLABXProjects\5_multiplexor.X\multiplexor.asm
                     MAIN   0x000032    program     static C:\Users\Miguel\MPLABXProjects\5_multiplexor.X\multiplexor.asm
                  IMPARES   0x00003c    program     static C:\Users\Miguel\MPLABXProjects\5_multiplexor.X\multiplexor.asm
                    PARES   0x000046    program     static C:\Users\Miguel\MPLABXProjects\5_multiplexor.X\multiplexor.asm
                CATORCE_1   0x000050    program     static C:\Users\Miguel\MPLABXProjects\5_multiplexor.X\multiplexor.asm
                   DOCE_1   0x000072    program     static C:\Users\Miguel\MPLABXProjects\5_multiplexor.X\multiplexor.asm
                   DIEZ_1   0x000094    program     static C:\Users\Miguel\MPLABXProjects\5_multiplexor.X\multiplexor.asm
                   OCHO_1   0x0000b6    program     static C:\Users\Miguel\MPLABXProjects\5_multiplexor.X\multiplexor.asm
                   SEIS_1   0x0000d8    program     static C:\Users\Miguel\MPLABXProjects\5_multiplexor.X\multiplexor.asm
                 CUATRO_1   0x0000fa    program     static C:\Users\Miguel\MPLABXProjects\5_multiplexor.X\multiplexor.asm
                    DOS_1   0x00011c    program     static C:\Users\Miguel\MPLABXProjects\5_multiplexor.X\multiplexor.asm
                   CERO_1   0x00013e    program     static C:\Users\Miguel\MPLABXProjects\5_multiplexor.X\multiplexor.asm
                    UNO_2   0x00015a    program     static C:\Users\Miguel\MPLABXProjects\5_multiplexor.X\multiplexor.asm
                   TRES_2   0x00017c    program     static C:\Users\Miguel\MPLABXProjects\5_multiplexor.X\multiplexor.asm
                  CINCO_2   0x00019e    program     static C:\Users\Miguel\MPLABXProjects\5_multiplexor.X\multiplexor.asm
                  SIETE_2   0x0001c0    program     static C:\Users\Miguel\MPLABXProjects\5_multiplexor.X\multiplexor.asm
                  NUEVE_2   0x0001e2    program     static C:\Users\Miguel\MPLABXProjects\5_multiplexor.X\multiplexor.asm


