MPLINK 5.08, LINKER
Linker Map File - Created Mon Jun 19 21:09:15 2023

                                 Section Info
                  Section       Type    Address   Location Size(Bytes)
                ---------  ---------  ---------  ---------  ---------
                   .org_0       code   0x000000    program   0x0000a4
                   .cinit    romdata   0x0000a4    program   0x000002
.config_300000_BUILD/DEFAULT/PRODUCTION/CONTEO.    romdata   0x300000    program   0x000001
.config_300001_BUILD/DEFAULT/PRODUCTION/CONTEO.    romdata   0x300001    program   0x000001
.config_300002_BUILD/DEFAULT/PRODUCTION/CONTEO.    romdata   0x300002    program   0x000001
.config_300003_BUILD/DEFAULT/PRODUCTION/CONTEO.    romdata   0x300003    program   0x000001
.config_300005_BUILD/DEFAULT/PRODUCTION/CONTEO.    romdata   0x300005    program   0x000001
.config_300006_BUILD/DEFAULT/PRODUCTION/CONTEO.    romdata   0x300006    program   0x000001
.config_300008_BUILD/DEFAULT/PRODUCTION/CONTEO.    romdata   0x300008    program   0x000001
.config_300009_BUILD/DEFAULT/PRODUCTION/CONTEO.    romdata   0x300009    program   0x000001
.config_30000A_BUILD/DEFAULT/PRODUCTION/CONTEO.    romdata   0x30000a    program   0x000001
.config_30000B_BUILD/DEFAULT/PRODUCTION/CONTEO.    romdata   0x30000b    program   0x000001
.config_30000C_BUILD/DEFAULT/PRODUCTION/CONTEO.    romdata   0x30000c    program   0x000001
.config_30000D_BUILD/DEFAULT/PRODUCTION/CONTEO.    romdata   0x30000d    program   0x000001



                              Program Memory Usage 
                               Start         End      
                           ---------   ---------      
                            0x000000    0x0000a5      
                            0x300000    0x300003      
                            0x300005    0x300006      
                            0x300008    0x30000d      
            178 out of 33048 program addresses used, program memory utilization is 0%



                              Symbols - Sorted by Name
                     Name    Address   Location    Storage File                     
                ---------  ---------  ---------  --------- ---------                
                CONFIGURA   0x00001a    program     static C:\Users\Miguel\MPLABXProjects\4_cto_aritmetico.X\conteo.asm
               DECOFICIFA   0x000084    program     static C:\Users\Miguel\MPLABXProjects\4_cto_aritmetico.X\conteo.asm
            DECOFICIFAMUL   0x000090    program     static C:\Users\Miguel\MPLABXProjects\4_cto_aritmetico.X\conteo.asm
                     MULT   0x00007a    program     static C:\Users\Miguel\MPLABXProjects\4_cto_aritmetico.X\conteo.asm
                 NEGATIVO   0x00009c    program     static C:\Users\Miguel\MPLABXProjects\4_cto_aritmetico.X\conteo.asm
                 PROGRAMA   0x00002a    program     static C:\Users\Miguel\MPLABXProjects\4_cto_aritmetico.X\conteo.asm
                    RESTA   0x00006c    program     static C:\Users\Miguel\MPLABXProjects\4_cto_aritmetico.X\conteo.asm
                     SUMA   0x000064    program     static C:\Users\Miguel\MPLABXProjects\4_cto_aritmetico.X\conteo.asm
                    SW0_0   0x000050    program     static C:\Users\Miguel\MPLABXProjects\4_cto_aritmetico.X\conteo.asm
                    SW0_1   0x00005a    program     static C:\Users\Miguel\MPLABXProjects\4_cto_aritmetico.X\conteo.asm
                    TABLA   0x000004    program     static C:\Users\Miguel\MPLABXProjects\4_cto_aritmetico.X\conteo.asm
                      XXX   0x000082    program     static C:\Users\Miguel\MPLABXProjects\4_cto_aritmetico.X\conteo.asm
                            0x0000a4    program     static C:\Users\Miguel\MPLABXProjects\4_cto_aritmetico.X\conteo.asm



                              Symbols - Sorted by Address
                     Name    Address   Location    Storage File                     
                ---------  ---------  ---------  --------- ---------                
                    TABLA   0x000004    program     static C:\Users\Miguel\MPLABXProjects\4_cto_aritmetico.X\conteo.asm
                CONFIGURA   0x00001a    program     static C:\Users\Miguel\MPLABXProjects\4_cto_aritmetico.X\conteo.asm
                 PROGRAMA   0x00002a    program     static C:\Users\Miguel\MPLABXProjects\4_cto_aritmetico.X\conteo.asm
                    SW0_0   0x000050    program     static C:\Users\Miguel\MPLABXProjects\4_cto_aritmetico.X\conteo.asm
                    SW0_1   0x00005a    program     static C:\Users\Miguel\MPLABXProjects\4_cto_aritmetico.X\conteo.asm
                     SUMA   0x000064    program     static C:\Users\Miguel\MPLABXProjects\4_cto_aritmetico.X\conteo.asm
                    RESTA   0x00006c    program     static C:\Users\Miguel\MPLABXProjects\4_cto_aritmetico.X\conteo.asm
                     MULT   0x00007a    program     static C:\Users\Miguel\MPLABXProjects\4_cto_aritmetico.X\conteo.asm
                      XXX   0x000082    program     static C:\Users\Miguel\MPLABXProjects\4_cto_aritmetico.X\conteo.asm
               DECOFICIFA   0x000084    program     static C:\Users\Miguel\MPLABXProjects\4_cto_aritmetico.X\conteo.asm
            DECOFICIFAMUL   0x000090    program     static C:\Users\Miguel\MPLABXProjects\4_cto_aritmetico.X\conteo.asm
                 NEGATIVO   0x00009c    program     static C:\Users\Miguel\MPLABXProjects\4_cto_aritmetico.X\conteo.asm
                            0x0000a4    program     static C:\Users\Miguel\MPLABXProjects\4_cto_aritmetico.X\conteo.asm


