MPLINK 5.08, LINKER
Linker Map File - Created Sun Jun 18 01:30:50 2023

                                 Section Info
                  Section       Type    Address   Location Size(Bytes)
                ---------  ---------  ---------  ---------  ---------
                   .org_0       code   0x000000    program   0x000082
                   .cinit    romdata   0x000082    program   0x000002
.config_300000_BUILD/DEFAULT/PRODUCTION/2BOTONE    romdata   0x300000    program   0x000001
.config_300001_BUILD/DEFAULT/PRODUCTION/2BOTONE    romdata   0x300001    program   0x000001
.config_300002_BUILD/DEFAULT/PRODUCTION/2BOTONE    romdata   0x300002    program   0x000001
.config_300003_BUILD/DEFAULT/PRODUCTION/2BOTONE    romdata   0x300003    program   0x000001
.config_300005_BUILD/DEFAULT/PRODUCTION/2BOTONE    romdata   0x300005    program   0x000001
.config_300006_BUILD/DEFAULT/PRODUCTION/2BOTONE    romdata   0x300006    program   0x000001
.config_300008_BUILD/DEFAULT/PRODUCTION/2BOTONE    romdata   0x300008    program   0x000001
.config_300009_BUILD/DEFAULT/PRODUCTION/2BOTONE    romdata   0x300009    program   0x000001
.config_30000A_BUILD/DEFAULT/PRODUCTION/2BOTONE    romdata   0x30000a    program   0x000001
.config_30000B_BUILD/DEFAULT/PRODUCTION/2BOTONE    romdata   0x30000b    program   0x000001
.config_30000C_BUILD/DEFAULT/PRODUCTION/2BOTONE    romdata   0x30000c    program   0x000001



                              Program Memory Usage 
                               Start         End      
                           ---------   ---------      
                            0x000000    0x000083      
                            0x300000    0x300003      
                            0x300005    0x300006      
                            0x300008    0x30000c      
            143 out of 33048 program addresses used, program memory utilization is 0%



                              Symbols - Sorted by Name
                     Name    Address   Location    Storage File                     
                ---------  ---------  ---------  --------- ---------                
                        ?   0x000000    program     static C:\Users\Miguel\MPLABXProjects\6_2_2botones.X\2botones.asm
                   INICIO   0x00003c    program     static C:\Users\Miguel\MPLABXProjects\6_2_2botones.X\2botones.asm
                      OFF   0x00007c    program     static C:\Users\Miguel\MPLABXProjects\6_2_2botones.X\2botones.asm
                       ON   0x000076    program     static C:\Users\Miguel\MPLABXProjects\6_2_2botones.X\2botones.asm
                     OTRA   0x000054    program     static C:\Users\Miguel\MPLABXProjects\6_2_2botones.X\2botones.asm
                    OTRA2   0x000068    program     static C:\Users\Miguel\MPLABXProjects\6_2_2botones.X\2botones.asm
                 PREGUNTA   0x00004e    program     static C:\Users\Miguel\MPLABXProjects\6_2_2botones.X\2botones.asm
                PREGUNTA2   0x000062    program     static C:\Users\Miguel\MPLABXProjects\6_2_2botones.X\2botones.asm
               REPETICION   0x000016    program     static C:\Users\Miguel\MPLABXProjects\6_2_2botones.X\2botones.asm
             RETARDO_10ms   0x000004    program     static C:\Users\Miguel\MPLABXProjects\6_2_2botones.X\2botones.asm
              RETARDO_1ms   0x000012    program     static C:\Users\Miguel\MPLABXProjects\6_2_2botones.X\2botones.asm



                              Symbols - Sorted by Address
                     Name    Address   Location    Storage File                     
                ---------  ---------  ---------  --------- ---------                
                        ?   0x000000    program     static C:\Users\Miguel\MPLABXProjects\6_2_2botones.X\2botones.asm
             RETARDO_10ms   0x000004    program     static C:\Users\Miguel\MPLABXProjects\6_2_2botones.X\2botones.asm
              RETARDO_1ms   0x000012    program     static C:\Users\Miguel\MPLABXProjects\6_2_2botones.X\2botones.asm
               REPETICION   0x000016    program     static C:\Users\Miguel\MPLABXProjects\6_2_2botones.X\2botones.asm
                   INICIO   0x00003c    program     static C:\Users\Miguel\MPLABXProjects\6_2_2botones.X\2botones.asm
                 PREGUNTA   0x00004e    program     static C:\Users\Miguel\MPLABXProjects\6_2_2botones.X\2botones.asm
                     OTRA   0x000054    program     static C:\Users\Miguel\MPLABXProjects\6_2_2botones.X\2botones.asm
                PREGUNTA2   0x000062    program     static C:\Users\Miguel\MPLABXProjects\6_2_2botones.X\2botones.asm
                    OTRA2   0x000068    program     static C:\Users\Miguel\MPLABXProjects\6_2_2botones.X\2botones.asm
                       ON   0x000076    program     static C:\Users\Miguel\MPLABXProjects\6_2_2botones.X\2botones.asm
                      OFF   0x00007c    program     static C:\Users\Miguel\MPLABXProjects\6_2_2botones.X\2botones.asm


