MPLINK 5.08, LINKER
Linker Map File - Created Mon Jun 19 00:17:00 2023

                                 Section Info
                  Section       Type    Address   Location Size(Bytes)
                ---------  ---------  ---------  ---------  ---------
                   .org_0       code   0x000000    program   0x0000a2
                   .cinit    romdata   0x0000a2    program   0x000002
.config_300000_BUILD/DEFAULT/PRODUCTION/ALUDECO    romdata   0x300000    program   0x000001
.config_300001_BUILD/DEFAULT/PRODUCTION/ALUDECO    romdata   0x300001    program   0x000001
.config_300002_BUILD/DEFAULT/PRODUCTION/ALUDECO    romdata   0x300002    program   0x000001
.config_300003_BUILD/DEFAULT/PRODUCTION/ALUDECO    romdata   0x300003    program   0x000001
.config_300005_BUILD/DEFAULT/PRODUCTION/ALUDECO    romdata   0x300005    program   0x000001
.config_300006_BUILD/DEFAULT/PRODUCTION/ALUDECO    romdata   0x300006    program   0x000001
.config_300008_BUILD/DEFAULT/PRODUCTION/ALUDECO    romdata   0x300008    program   0x000001
.config_300009_BUILD/DEFAULT/PRODUCTION/ALUDECO    romdata   0x300009    program   0x000001
.config_30000A_BUILD/DEFAULT/PRODUCTION/ALUDECO    romdata   0x30000a    program   0x000001
.config_30000B_BUILD/DEFAULT/PRODUCTION/ALUDECO    romdata   0x30000b    program   0x000001
.config_30000C_BUILD/DEFAULT/PRODUCTION/ALUDECO    romdata   0x30000c    program   0x000001



                              Program Memory Usage 
                               Start         End      
                           ---------   ---------      
                            0x000000    0x0000a3      
                            0x300000    0x300003      
                            0x300005    0x300006      
                            0x300008    0x30000c      
            175 out of 33048 program addresses used, program memory utilization is 0%



                              Symbols - Sorted by Name
                     Name    Address   Location    Storage File                     
                ---------  ---------  ---------  --------- ---------                
                        ?   0x000000    program     static C:\Users\Miguel\MPLABXProjects\4_aludecode.X\aludecode.asm
               CONFIGURAR   0x00001a    program     static C:\Users\Miguel\MPLABXProjects\4_aludecode.X\aludecode.asm
           DECODIFIACION1   0x000082    program     static C:\Users\Miguel\MPLABXProjects\4_aludecode.X\aludecode.asm
           DECODIFIACION2   0x00008e    program     static C:\Users\Miguel\MPLABXProjects\4_aludecode.X\aludecode.asm
                     MAIN   0x000028    program     static C:\Users\Miguel\MPLABXProjects\4_aludecode.X\aludecode.asm
                MULTIPLIC   0x000078    program     static C:\Users\Miguel\MPLABXProjects\4_aludecode.X\aludecode.asm
                      NAH   0x000080    program     static C:\Users\Miguel\MPLABXProjects\4_aludecode.X\aludecode.asm
                 NEGATIVO   0x00009a    program     static C:\Users\Miguel\MPLABXProjects\4_aludecode.X\aludecode.asm
                    RESTA   0x00006a    program     static C:\Users\Miguel\MPLABXProjects\4_aludecode.X\aludecode.asm
                     SUMA   0x000062    program     static C:\Users\Miguel\MPLABXProjects\4_aludecode.X\aludecode.asm
                Switch0_0   0x00004e    program     static C:\Users\Miguel\MPLABXProjects\4_aludecode.X\aludecode.asm
                Switch0_1   0x000058    program     static C:\Users\Miguel\MPLABXProjects\4_aludecode.X\aludecode.asm
                    TABLA   0x000004    program     static C:\Users\Miguel\MPLABXProjects\4_aludecode.X\aludecode.asm



                              Symbols - Sorted by Address
                     Name    Address   Location    Storage File                     
                ---------  ---------  ---------  --------- ---------                
                        ?   0x000000    program     static C:\Users\Miguel\MPLABXProjects\4_aludecode.X\aludecode.asm
                    TABLA   0x000004    program     static C:\Users\Miguel\MPLABXProjects\4_aludecode.X\aludecode.asm
               CONFIGURAR   0x00001a    program     static C:\Users\Miguel\MPLABXProjects\4_aludecode.X\aludecode.asm
                     MAIN   0x000028    program     static C:\Users\Miguel\MPLABXProjects\4_aludecode.X\aludecode.asm
                Switch0_0   0x00004e    program     static C:\Users\Miguel\MPLABXProjects\4_aludecode.X\aludecode.asm
                Switch0_1   0x000058    program     static C:\Users\Miguel\MPLABXProjects\4_aludecode.X\aludecode.asm
                     SUMA   0x000062    program     static C:\Users\Miguel\MPLABXProjects\4_aludecode.X\aludecode.asm
                    RESTA   0x00006a    program     static C:\Users\Miguel\MPLABXProjects\4_aludecode.X\aludecode.asm
                MULTIPLIC   0x000078    program     static C:\Users\Miguel\MPLABXProjects\4_aludecode.X\aludecode.asm
                      NAH   0x000080    program     static C:\Users\Miguel\MPLABXProjects\4_aludecode.X\aludecode.asm
           DECODIFIACION1   0x000082    program     static C:\Users\Miguel\MPLABXProjects\4_aludecode.X\aludecode.asm
           DECODIFIACION2   0x00008e    program     static C:\Users\Miguel\MPLABXProjects\4_aludecode.X\aludecode.asm
                 NEGATIVO   0x00009a    program     static C:\Users\Miguel\MPLABXProjects\4_aludecode.X\aludecode.asm


