MPLINK 5.08, LINKER
Linker Map File - Created Fri Jun 02 02:11:06 2023

                                 Section Info
                  Section       Type    Address   Location Size(Bytes)
                ---------  ---------  ---------  ---------  ---------
                   .org_0       code   0x000000    program   0x0000ca
                   .cinit    romdata   0x0000ca    program   0x000002
.config_300000_BUILD/DEFAULT/PRODUCTION/ALU.O    romdata   0x300000    program   0x000001
.config_300001_BUILD/DEFAULT/PRODUCTION/ALU.O    romdata   0x300001    program   0x000001
.config_300002_BUILD/DEFAULT/PRODUCTION/ALU.O    romdata   0x300002    program   0x000001
.config_300003_BUILD/DEFAULT/PRODUCTION/ALU.O    romdata   0x300003    program   0x000001
.config_300005_BUILD/DEFAULT/PRODUCTION/ALU.O    romdata   0x300005    program   0x000001
.config_300006_BUILD/DEFAULT/PRODUCTION/ALU.O    romdata   0x300006    program   0x000001
.config_300008_BUILD/DEFAULT/PRODUCTION/ALU.O    romdata   0x300008    program   0x000001
.config_300009_BUILD/DEFAULT/PRODUCTION/ALU.O    romdata   0x300009    program   0x000001
.config_30000A_BUILD/DEFAULT/PRODUCTION/ALU.O    romdata   0x30000a    program   0x000001
.config_30000B_BUILD/DEFAULT/PRODUCTION/ALU.O    romdata   0x30000b    program   0x000001
.config_30000C_BUILD/DEFAULT/PRODUCTION/ALU.O    romdata   0x30000c    program   0x000001



                              Program Memory Usage 
                               Start         End      
                           ---------   ---------      
                            0x000000    0x0000cb      
                            0x300000    0x300003      
                            0x300005    0x300006      
                            0x300008    0x30000c      
            215 out of 33048 program addresses used, program memory utilization is 0%



                              Symbols - Sorted by Name
                     Name    Address   Location    Storage File                     
                ---------  ---------  ---------  --------- ---------                
                        ?   0x000000    program     static C:\Users\Miguel\MPLABXProjects\ALU.X\alu.asm
                      AND   0x000098    program     static C:\Users\Miguel\MPLABXProjects\ALU.X\alu.asm
                     COM2   0x0000c0    program     static C:\Users\Miguel\MPLABXProjects\ALU.X\alu.asm
                   INICIO   0x000000    program     static C:\Users\Miguel\MPLABXProjects\ALU.X\alu.asm
                     MULT   0x00008c    program     static C:\Users\Miguel\MPLABXProjects\ALU.X\alu.asm
                      NOT   0x0000b6    program     static C:\Users\Miguel\MPLABXProjects\ALU.X\alu.asm
                       OR   0x0000a2    program     static C:\Users\Miguel\MPLABXProjects\ALU.X\alu.asm
                 PROGRAMA   0x000012    program     static C:\Users\Miguel\MPLABXProjects\ALU.X\alu.asm
                    RESTA   0x000082    program     static C:\Users\Miguel\MPLABXProjects\ALU.X\alu.asm
                     SUMA   0x000078    program     static C:\Users\Miguel\MPLABXProjects\ALU.X\alu.asm
                   SW0_00   0x000050    program     static C:\Users\Miguel\MPLABXProjects\ALU.X\alu.asm
                   SW0_01   0x00005a    program     static C:\Users\Miguel\MPLABXProjects\ALU.X\alu.asm
                   SW0_10   0x000064    program     static C:\Users\Miguel\MPLABXProjects\ALU.X\alu.asm
                   SW0_11   0x00006e    program     static C:\Users\Miguel\MPLABXProjects\ALU.X\alu.asm
                    SW1_0   0x00003c    program     static C:\Users\Miguel\MPLABXProjects\ALU.X\alu.asm
                    SW1_1   0x000046    program     static C:\Users\Miguel\MPLABXProjects\ALU.X\alu.asm
                      XOR   0x0000ac    program     static C:\Users\Miguel\MPLABXProjects\ALU.X\alu.asm



                              Symbols - Sorted by Address
                     Name    Address   Location    Storage File                     
                ---------  ---------  ---------  --------- ---------                
                        ?   0x000000    program     static C:\Users\Miguel\MPLABXProjects\ALU.X\alu.asm
                   INICIO   0x000000    program     static C:\Users\Miguel\MPLABXProjects\ALU.X\alu.asm
                 PROGRAMA   0x000012    program     static C:\Users\Miguel\MPLABXProjects\ALU.X\alu.asm
                    SW1_0   0x00003c    program     static C:\Users\Miguel\MPLABXProjects\ALU.X\alu.asm
                    SW1_1   0x000046    program     static C:\Users\Miguel\MPLABXProjects\ALU.X\alu.asm
                   SW0_00   0x000050    program     static C:\Users\Miguel\MPLABXProjects\ALU.X\alu.asm
                   SW0_01   0x00005a    program     static C:\Users\Miguel\MPLABXProjects\ALU.X\alu.asm
                   SW0_10   0x000064    program     static C:\Users\Miguel\MPLABXProjects\ALU.X\alu.asm
                   SW0_11   0x00006e    program     static C:\Users\Miguel\MPLABXProjects\ALU.X\alu.asm
                     SUMA   0x000078    program     static C:\Users\Miguel\MPLABXProjects\ALU.X\alu.asm
                    RESTA   0x000082    program     static C:\Users\Miguel\MPLABXProjects\ALU.X\alu.asm
                     MULT   0x00008c    program     static C:\Users\Miguel\MPLABXProjects\ALU.X\alu.asm
                      AND   0x000098    program     static C:\Users\Miguel\MPLABXProjects\ALU.X\alu.asm
                       OR   0x0000a2    program     static C:\Users\Miguel\MPLABXProjects\ALU.X\alu.asm
                      XOR   0x0000ac    program     static C:\Users\Miguel\MPLABXProjects\ALU.X\alu.asm
                      NOT   0x0000b6    program     static C:\Users\Miguel\MPLABXProjects\ALU.X\alu.asm
                     COM2   0x0000c0    program     static C:\Users\Miguel\MPLABXProjects\ALU.X\alu.asm


